Model comparasions/processedDataSets/Burger_1070.csv
,SELL_ID,SELL_CATEGORY,ITEM_NAME,CALENDAR_DATE,PRICE,QUANTITY,YEAR,HOLIDAY,IS_WEEKEND,IS_SCHOOLBREAK,AVERAGE_TEMPERATURE,IS_OUTDOOR
10208,1070,0,BURGER,9/16/14,15.5,90,2014,No Holiday,0,0,69.8,1
10216,1070,0,BURGER,9/17/12,15.0,86,2012,No Holiday,0,0,59.0,1
10224,1070,0,BURGER,9/17/13,14.0,102,2013,No Holiday,0,0,69.8,1
10232,1070,0,BURGER,9/17/14,15.5,82,2014,No Holiday,0,0,69.8,1
10240,1070,0,BURGER,9/18/12,15.0,88,2012,No Holiday,0,0,59.0,1
10248,1070,0,BURGER,9/18/13,14.0,96,2013,No Holiday,0,0,69.8,1
10256,1070,0,BURGER,9/18/14,15.5,90,2014,No Holiday,0,0,69.8,1
10264,1070,0,BURGER,9/19/12,15.0,92,2012,No Holiday,0,0,60.8,1
10272,1070,0,BURGER,9/19/13,14.0,96,2013,No Holiday,0,0,69.8,1
10296,1070,0,BURGER,9/2/13,14.0,104,2013,No Holiday,0,0,69.8,1
10304,1070,0,BURGER,9/2/14,15.5,86,2014,No Holiday,0,0,71.6,1
10312,1070,0,BURGER,9/2/15,14.5,90,2015,No Holiday,0,0,68.0,1
10320,1070,0,BURGER,9/20/12,15.0,88,2012,No Holiday,0,0,62.6,1
10328,1070,0,BURGER,9/20/13,14.0,98,2013,No Holiday,0,0,73.4,1
10344,1070,0,BURGER,9/21/12,15.0,86,2012,No Holiday,0,0,66.2,1
10384,1070,0,BURGER,9/22/14,15.5,88,2014,No Holiday,0,0,69.8,1
10400,1070,0,BURGER,9/23/13,14.0,104,2013,No Holiday,0,0,71.6,1
10408,1070,0,BURGER,9/23/14,15.5,90,2014,No Holiday,0,0,62.6,1
10416,1070,0,BURGER,9/24/12,15.0,94,2012,No Holiday,0,0,69.8,1
10424,1070,0,BURGER,9/24/13,14.0,100,2013,No Holiday,0,0,69.8,1
10432,1070,0,BURGER,9/24/14,15.5,90,2014,No Holiday,0,0,60.8,1
10440,1070,0,BURGER,9/25/12,15.0,90,2012,No Holiday,0,0,69.8,1
10448,1070,0,BURGER,9/25/13,14.0,100,2013,No Holiday,0,0,64.4,1
10456,1070,0,BURGER,9/25/14,15.5,86,2014,No Holiday,0,0,62.6,1
10464,1070,0,BURGER,9/26/12,15.0,94,2012,No Holiday,0,0,69.8,1
10472,1070,0,BURGER,9/26/13,14.0,100,2013,No Holiday,0,0,68.0,1
10480,1070,0,BURGER,9/26/14,15.5,82,2014,No Holiday,0,0,66.2,1
10488,1070,0,BURGER,9/27/12,15.0,90,2012,No Holiday,0,0,69.8,1
10496,1070,0,BURGER,9/27/13,14.0,104,2013,No Holiday,0,0,64.4,1
10512,1070,0,BURGER,9/28/12,15.0,86,2012,No Holiday,0,0,66.2,1
10552,1070,0,BURGER,9/29/14,15.5,86,2014,No Holiday,0,0,64.4,1
10560,1070,0,BURGER,9/3/12,15.0,90,2012,No Holiday,0,0,71.6,1
10568,1070,0,BURGER,9/3/13,14.0,102,2013,No Holiday,0,0,68.0,1
10576,1070,0,BURGER,9/3/14,15.5,86,2014,No Holiday,0,0,71.6,1
10608,1070,0,BURGER,9/30/14,15.5,90,2014,No Holiday,0,0,66.2,1
10616,1070,0,BURGER,9/4/12,15.0,90,2012,No Holiday,0,0,75.2,1
10624,1070,0,BURGER,9/4/13,14.0,102,2013,No Holiday,0,0,68.0,1
10632,1070,0,BURGER,9/4/14,15.5,86,2014,No Holiday,0,0,68.0,1
10648,1070,0,BURGER,9/5/12,15.0,92,2012,No Holiday,0,0,77.0,1
10656,1070,0,BURGER,9/5/13,14.0,96,2013,No Holiday,0,0,69.8,1
10664,1070,0,BURGER,9/5/14,15.5,88,2014,No Holiday,0,0,69.8,1
10680,1070,0,BURGER,9/6/12,15.0,86,2012,No Holiday,0,0,75.2,1
10688,1070,0,BURGER,9/6/13,14.0,98,2013,No Holiday,0,0,68.0,1
10712,1070,0,BURGER,9/7/12,15.0,90,2012,No Holiday,0,0,71.6,1
10736,1070,0,BURGER,9/7/15,14.5,98,2015,No Holiday,0,0,77.0,1
10760,1070,0,BURGER,9/8/14,15.5,88,2014,No Holiday,0,0,71.6,1
10768,1070,0,BURGER,9/8/15,14.5,90,2015,No Holiday,0,0,73.4,1
10784,1070,0,BURGER,9/9/13,14.0,98,2013,No Holiday,0,0,75.2,1
10792,1070,0,BURGER,9/9/14,15.5,82,2014,No Holiday,0,0,71.6,1
10800,1070,0,BURGER,9/9/15,14.5,96,2015,No Holiday,0,0,71.6,1
